{
  "authentic": true,
  "correct": false,
  "error": "ValueError: The Pallas TPU lowering currently requires that the last two dimensions of your block shape are divisible by 8 and 128 respectively, or be equal to the respective dimensions of the overall array. Block spec for args[0] in pallas_call kernel at /tmp/opjax-g5/g5-verifier/units/g5-s1--g43-benchmark-matmul-square-384x256x384--seed-0--turn-3/kernel.py:10 has block shape (Blocked(block_size=1), Blocked(block_size=256)), array shape (384, 256), and index_map { lambda ; a:i32[] b:i32[]. let  in (a, 0:i32[]) }, in memory space None.\nSee details at https://docs.jax.dev/en/latest/pallas/grid_blockspec.html#pallas-blockspec",
  "hardware": {
    "device_count": 1,
    "device_kinds": [
      "TPU v5 lite"
    ],
    "platforms": [
      "tpu"
    ],
    "process_count": 1,
    "process_index": 0
  },
  "infrastructure_error": false,
  "kernel_sha256": "b3408c95a46f79bb5e73215cf41a98fa1071019a625ddf2a74cded1a246662cc",
  "normal_lowered": false,
  "passed": false,
  "process": {
    "returncode": 2,
    "stderr": "/tmp/opjax-g5/environments/pallas-eval/.venv/lib/python3.10/site-packages/jax/_src/cloud_tpu_init.py:84: UserWarning: Transparent hugepages are not enabled. TPU runtime startup and shutdown time should be significantly improved on TPU v5e and newer. If not already set, you may need to enable transparent hugepages in your VM image (sudo sh -c \"echo always > /sys/kernel/mm/transparent_hugepage/enabled\")\n  warnings.warn(\n",
    "stdout": "{\"authentic\": true, \"correct\": false, \"error\": \"ValueError: The Pallas TPU lowering currently requires that the last two dimensions of your block shape are divisible by 8 and 128 respectively, or be equal to the respective dimensions of the overall array. Block spec for args[0] in pallas_call kernel at /tmp/opjax-g5/g5-verifier/units/g5-s1--g43-benchmark-matmul-square-384x256x384--seed-0--turn-3/kernel.py:10 has block shape (Blocked(block_size=1), Blocked(block_size=256)), array shape (384, 256), and index_map { lambda ; a:i32[] b:i32[]. let  in (a, 0:i32[]) }, in memory space None.\\nSee details at https://docs.jax.dev/en/latest/pallas/grid_blockspec.html#pallas-blockspec\", \"hardware\": {\"device_count\": 1, \"device_kinds\": [\"TPU v5 lite\"], \"platforms\": [\"tpu\"], \"process_count\": 1, \"process_index\": 0}, \"infrastructure_error\": false, \"kernel_sha256\": \"b3408c95a46f79bb5e73215cf41a98fa1071019a625ddf2a74cded1a246662cc\", \"normal_lowered\": false, \"passed\": false, \"stage\": \"tpu_compile\", \"stages\": {\"artifact_contract\": true, \"full_shape_correctness\": false, \"normal_lowering\": false, \"pallas_api\": true, \"profile\": false, \"runtime_safety\": false, \"tpu_compile\": false}}\n",
    "timed_out": false
  },
  "stage": "tpu_compile",
  "stages": {
    "artifact_contract": true,
    "full_shape_correctness": false,
    "normal_lowering": false,
    "pallas_api": true,
    "profile": false,
    "runtime_safety": false,
    "tpu_compile": false
  }
}
