{
  "authentic": true,
  "correct": true,
  "error": null,
  "executable_tpu_custom_call": true,
  "hardware": {
    "device_count": 1,
    "device_kinds": [
      "TPU v5 lite"
    ],
    "platforms": [
      "tpu"
    ],
    "process_count": 1,
    "process_index": 0
  },
  "infrastructure_error": false,
  "kernel_sha256": "136491f7c9836bce94f23f4760687d8e535b4e7e001722949ceb6e6aacfdef26",
  "normal_lowered": true,
  "passed": true,
  "process": {
    "returncode": 0,
    "stderr": "2026-08-06 00:46:34.917258: E external/xla/xla/python/profiler/internal/python_hooks.cc:412] Can't import tensorflow.python.profiler.trace\n2026-08-06 00:46:34.924389: E external/xla/xla/python/profiler/internal/python_hooks.cc:412] Can't import tensorflow.python.profiler.trace\n",
    "stdout": "{\"authentic\": true, \"correct\": true, \"error\": null, \"executable_tpu_custom_call\": true, \"hardware\": {\"device_count\": 1, \"device_kinds\": [\"TPU v5 lite\"], \"platforms\": [\"tpu\"], \"process_count\": 1, \"process_index\": 0}, \"infrastructure_error\": false, \"kernel_sha256\": \"136491f7c9836bce94f23f4760687d8e535b4e7e001722949ceb6e6aacfdef26\", \"normal_lowered\": true, \"passed\": true, \"profile\": {\"captured_at\": \"2026-08-06T00:46:34.950003+00:00\", \"compiler\": {\"cost_analysis\": {\"bytes accessed0{}\": 294912.0, \"bytes accessedout{}\": 294912.0, \"utilization0{}\": 1.0}, \"executable_hlo_markers\": {\"custom-call\": 1, \"custom_call\": 3, \"mosaic\": 0, \"pallas\": 2, \"tpu_custom_call\": 1}, \"executable_hlo_sha256\": \"d193e57417d8fd6c233565a4199faca631d07e4c89be0c81b62dd0a02a010542\", \"memory_analysis\": \"CompiledMemoryStats(generated_code_size_in_bytes=47616, argument_size_in_bytes=294912, output_size_in_bytes=294912, alias_size_in_bytes=0, temp_size_in_bytes=0, host_generated_code_size_in_bytes=0, host_argument_size_in_bytes=0, host_output_size_in_bytes=0, host_alias_size_in_bytes=0, host_temp_size_in_bytes=0)\", \"stablehlo_markers\": {\"custom-call\": 0, \"custom_call\": 3, \"mosaic\": 0, \"pallas\": 0, \"tpu_custom_call\": 1}, \"stablehlo_sha256\": \"85c8602877ade091dc2c89be51461a293bea375a36bc4945e3fc7707eec006da\"}, \"correctness_verified\": true, \"label\": \"candidate\", \"repetitions\": 3, \"runtime\": {\"backend\": \"tpu\", \"chex\": \"0.1.90\", \"device_count\": 1, \"device_kinds\": [\"TPU v5 lite\"], \"jax\": \"0.6.2\", \"jaxlib\": \"0.6.2\", \"libtpu\": \"0.0.17\", \"platform\": \"Linux-6.5.0-1013-gcp-x86_64-with-glibc2.35\", \"process_count\": 1, \"process_index\": 0, \"python\": \"3.10.12\"}, \"schema_version\": 1, \"speedup\": 1.0004169644906258, \"timing\": {\"baseline_median_ms\": 0.11756499999933112, \"baseline_ms\": [0.11706349999940358, 0.11844999999937045, 0.11756499999933112], \"candidate_median_ms\": 0.11751600000025064, \"candidate_ms\": [0.12479494999979579, 0.11688650000110101, 0.11751600000025064], \"speedup\": 1.0004169644906258}, \"trace\": {\"duration_event_count\": 98, \"event_count\": 119, \"named_duration_event_count\": 98, \"pallas_or_mosaic_event_names\": [], \"perfetto_relative_path\": \"trace/plugins/profile/2026_08_06_00_46_34/perfetto_trace.json.gz\", \"perfetto_sha256\": \"9881e2b445006b07d1e5a50536728b77c5414474c23483625b1330de58da220e\", \"top_duration_event_names\": [{\"count\": 6, \"name\": \"PjitFunction(jit(workload))\"}, {\"count\": 3, \"name\": \"tpu::System::Execute=>Done\"}, {\"count\": 3, \"name\": \"Release semaphore\"}, {\"count\": 3, \"name\": \"TfrtTpuLoadedExecutable::Execute\"}, {\"count\": 3, \"name\": \"TfrtTpuLoadedExecutable::ExecuteHelperOnSingleDevice\"}, {\"count\": 3, \"name\": \"TfrtTpuLoadedExecutable::ExecutePrepare\"}, {\"count\": 3, \"name\": \"Acquire semaphore\"}, {\"count\": 3, \"name\": \"Handle inputs\"}, {\"count\": 3, \"name\": \"AllocateOutputBufferWithInputReuse\"}, {\"count\": 3, \"name\": \"LoadProgram\"}, {\"count\": 3, \"name\": \"TfrtTpuLoadedExecutable::ExecuteLaunch\"}, {\"count\": 3, \"name\": \"Handle input event recording\"}, {\"count\": 3, \"name\": \"TfrtTpuLoadedExecutable::CreateOutputs\"}, {\"count\": 3, \"name\": \"Handle outputs without host buffers\"}, {\"count\": 3, \"name\": \"Wait for donation holds\"}, {\"count\": 3, \"name\": \"Wait for usage holds\"}, {\"count\": 3, \"name\": \"$profiler.py:319 __init__\"}, {\"count\": 3, \"name\": \"candidate\"}, {\"count\": 3, \"name\": \"$stages.py:546 __call__\"}, {\"count\": 3, \"name\": \"ParseArguments\"}, {\"count\": 3, \"name\": \"$api.py:3106 block_until_ready\"}, {\"count\": 3, \"name\": \"$tree_util.py:88 tree_leaves\"}, {\"count\": 3, \"name\": \"$builtins isinstance\"}, {\"count\": 3, \"name\": \"$<unknown> append\"}, {\"count\": 3, \"name\": \"$builtins len\"}, {\"count\": 3, \"name\": \"$api.py:3117 try_to_block\"}, {\"count\": 3, \"name\": \"jit_workload(11995605306199193899)\"}, {\"count\": 3, \"name\": \"main.1\"}, {\"count\": 3, \"name\": \"dependency-wait\"}, {\"count\": 2, \"name\": \"$profiler.py:241 trace\"}, {\"count\": 1, \"name\": \"$contextlib.py:130 __enter__\"}, {\"count\": 1, \"name\": \"$profiler.py:96 start_trace\"}, {\"count\": 1, \"name\": \"$<unknown> __exit__\"}, {\"count\": 1, \"name\": \"$contextlib.py:139 __exit__\"}, {\"count\": 1, \"name\": \"$builtins next\"}, {\"count\": 1, \"name\": \"$profiler.py:208 stop_trace\"}]}}, \"seed_results\": [{\"passed\": true, \"seed\": 0}, {\"passed\": true, \"seed\": 1}, {\"passed\": true, \"seed\": 2}], \"stage\": \"verified\", \"stages\": {\"artifact_contract\": true, \"full_shape_correctness\": true, \"normal_lowering\": true, \"pallas_api\": true, \"profile\": true, \"runtime_safety\": true, \"tpu_compile\": true}}\n",
    "timed_out": false
  },
  "profile": {
    "captured_at": "2026-08-06T00:46:34.950003+00:00",
    "compiler": {
      "cost_analysis": {
        "bytes accessed0{}": 294912.0,
        "bytes accessedout{}": 294912.0,
        "utilization0{}": 1.0
      },
      "executable_hlo_markers": {
        "custom-call": 1,
        "custom_call": 3,
        "mosaic": 0,
        "pallas": 2,
        "tpu_custom_call": 1
      },
      "executable_hlo_sha256": "d193e57417d8fd6c233565a4199faca631d07e4c89be0c81b62dd0a02a010542",
      "memory_analysis": "CompiledMemoryStats(generated_code_size_in_bytes=47616, argument_size_in_bytes=294912, output_size_in_bytes=294912, alias_size_in_bytes=0, temp_size_in_bytes=0, host_generated_code_size_in_bytes=0, host_argument_size_in_bytes=0, host_output_size_in_bytes=0, host_alias_size_in_bytes=0, host_temp_size_in_bytes=0)",
      "stablehlo_markers": {
        "custom-call": 0,
        "custom_call": 3,
        "mosaic": 0,
        "pallas": 0,
        "tpu_custom_call": 1
      },
      "stablehlo_sha256": "85c8602877ade091dc2c89be51461a293bea375a36bc4945e3fc7707eec006da"
    },
    "correctness_verified": true,
    "label": "candidate",
    "repetitions": 3,
    "runtime": {
      "backend": "tpu",
      "chex": "0.1.90",
      "device_count": 1,
      "device_kinds": [
        "TPU v5 lite"
      ],
      "jax": "0.6.2",
      "jaxlib": "0.6.2",
      "libtpu": "0.0.17",
      "platform": "Linux-6.5.0-1013-gcp-x86_64-with-glibc2.35",
      "process_count": 1,
      "process_index": 0,
      "python": "3.10.12"
    },
    "schema_version": 1,
    "speedup": 1.0004169644906258,
    "timing": {
      "baseline_median_ms": 0.11756499999933112,
      "baseline_ms": [
        0.11706349999940358,
        0.11844999999937045,
        0.11756499999933112
      ],
      "candidate_median_ms": 0.11751600000025064,
      "candidate_ms": [
        0.12479494999979579,
        0.11688650000110101,
        0.11751600000025064
      ],
      "speedup": 1.0004169644906258
    },
    "trace": {
      "duration_event_count": 98,
      "event_count": 119,
      "named_duration_event_count": 98,
      "pallas_or_mosaic_event_names": [],
      "perfetto_relative_path": "trace/plugins/profile/2026_08_06_00_46_34/perfetto_trace.json.gz",
      "perfetto_sha256": "9881e2b445006b07d1e5a50536728b77c5414474c23483625b1330de58da220e",
      "top_duration_event_names": [
        {
          "count": 6,
          "name": "PjitFunction(jit(workload))"
        },
        {
          "count": 3,
          "name": "tpu::System::Execute=>Done"
        },
        {
          "count": 3,
          "name": "Release semaphore"
        },
        {
          "count": 3,
          "name": "TfrtTpuLoadedExecutable::Execute"
        },
        {
          "count": 3,
          "name": "TfrtTpuLoadedExecutable::ExecuteHelperOnSingleDevice"
        },
        {
          "count": 3,
          "name": "TfrtTpuLoadedExecutable::ExecutePrepare"
        },
        {
          "count": 3,
          "name": "Acquire semaphore"
        },
        {
          "count": 3,
          "name": "Handle inputs"
        },
        {
          "count": 3,
          "name": "AllocateOutputBufferWithInputReuse"
        },
        {
          "count": 3,
          "name": "LoadProgram"
        },
        {
          "count": 3,
          "name": "TfrtTpuLoadedExecutable::ExecuteLaunch"
        },
        {
          "count": 3,
          "name": "Handle input event recording"
        },
        {
          "count": 3,
          "name": "TfrtTpuLoadedExecutable::CreateOutputs"
        },
        {
          "count": 3,
          "name": "Handle outputs without host buffers"
        },
        {
          "count": 3,
          "name": "Wait for donation holds"
        },
        {
          "count": 3,
          "name": "Wait for usage holds"
        },
        {
          "count": 3,
          "name": "$profiler.py:319 __init__"
        },
        {
          "count": 3,
          "name": "candidate"
        },
        {
          "count": 3,
          "name": "$stages.py:546 __call__"
        },
        {
          "count": 3,
          "name": "ParseArguments"
        },
        {
          "count": 3,
          "name": "$api.py:3106 block_until_ready"
        },
        {
          "count": 3,
          "name": "$tree_util.py:88 tree_leaves"
        },
        {
          "count": 3,
          "name": "$builtins isinstance"
        },
        {
          "count": 3,
          "name": "$<unknown> append"
        },
        {
          "count": 3,
          "name": "$builtins len"
        },
        {
          "count": 3,
          "name": "$api.py:3117 try_to_block"
        },
        {
          "count": 3,
          "name": "jit_workload(11995605306199193899)"
        },
        {
          "count": 3,
          "name": "main.1"
        },
        {
          "count": 3,
          "name": "dependency-wait"
        },
        {
          "count": 2,
          "name": "$profiler.py:241 trace"
        },
        {
          "count": 1,
          "name": "$contextlib.py:130 __enter__"
        },
        {
          "count": 1,
          "name": "$profiler.py:96 start_trace"
        },
        {
          "count": 1,
          "name": "$<unknown> __exit__"
        },
        {
          "count": 1,
          "name": "$contextlib.py:139 __exit__"
        },
        {
          "count": 1,
          "name": "$builtins next"
        },
        {
          "count": 1,
          "name": "$profiler.py:208 stop_trace"
        }
      ]
    }
  },
  "seed_results": [
    {
      "passed": true,
      "seed": 0
    },
    {
      "passed": true,
      "seed": 1
    },
    {
      "passed": true,
      "seed": 2
    }
  ],
  "stage": "verified",
  "stages": {
    "artifact_contract": true,
    "full_shape_correctness": true,
    "normal_lowering": true,
    "pallas_api": true,
    "profile": true,
    "runtime_safety": true,
    "tpu_compile": true
  }
}
