{
  "authentic": true,
  "correct": false,
  "error": "AttributeError: type object 'ShapeDtypeStruct' has no attribute 'like'",
  "hardware": {
    "device_count": 1,
    "device_kinds": [
      "TPU v5 lite"
    ],
    "platforms": [
      "tpu"
    ],
    "process_count": 1,
    "process_index": 0
  },
  "infrastructure_error": false,
  "kernel_sha256": "9e9873fccd9d6fbb283452befca430fade7df6562b511ac74783fe7a718a04f3",
  "normal_lowered": false,
  "passed": false,
  "process": {
    "returncode": 2,
    "stderr": "",
    "stdout": "{\"authentic\": true, \"correct\": false, \"error\": \"AttributeError: type object 'ShapeDtypeStruct' has no attribute 'like'\", \"hardware\": {\"device_count\": 1, \"device_kinds\": [\"TPU v5 lite\"], \"platforms\": [\"tpu\"], \"process_count\": 1, \"process_index\": 0}, \"infrastructure_error\": false, \"kernel_sha256\": \"9e9873fccd9d6fbb283452befca430fade7df6562b511ac74783fe7a718a04f3\", \"normal_lowered\": false, \"passed\": false, \"stage\": \"tpu_compile\", \"stages\": {\"artifact_contract\": true, \"full_shape_correctness\": false, \"normal_lowering\": false, \"pallas_api\": true, \"profile\": false, \"runtime_safety\": false, \"tpu_compile\": false}}\n",
    "timed_out": false
  },
  "stage": "tpu_compile",
  "stages": {
    "artifact_contract": true,
    "full_shape_correctness": false,
    "normal_lowering": false,
    "pallas_api": true,
    "profile": false,
    "runtime_safety": false,
    "tpu_compile": false
  }
}
