{
  "authentic": true,
  "correct": true,
  "error": null,
  "executable_tpu_custom_call": true,
  "hardware": {
    "device_count": 1,
    "device_kinds": [
      "TPU v5 lite"
    ],
    "platforms": [
      "tpu"
    ],
    "process_count": 1,
    "process_index": 0
  },
  "infrastructure_error": false,
  "kernel_sha256": "7891bb51b05d71fc372792fdcad4a38cf2cc98562ce9d5835620f842a00f28b4",
  "normal_lowered": true,
  "passed": true,
  "process": {
    "returncode": 0,
    "stderr": "2026-08-06 00:48:38.504590: E external/xla/xla/python/profiler/internal/python_hooks.cc:412] Can't import tensorflow.python.profiler.trace\n2026-08-06 00:48:38.514139: E external/xla/xla/python/profiler/internal/python_hooks.cc:412] Can't import tensorflow.python.profiler.trace\n",
    "stdout": "{\"authentic\": true, \"correct\": true, \"error\": null, \"executable_tpu_custom_call\": true, \"hardware\": {\"device_count\": 1, \"device_kinds\": [\"TPU v5 lite\"], \"platforms\": [\"tpu\"], \"process_count\": 1, \"process_index\": 0}, \"infrastructure_error\": false, \"kernel_sha256\": \"7891bb51b05d71fc372792fdcad4a38cf2cc98562ce9d5835620f842a00f28b4\", \"normal_lowered\": true, \"passed\": true, \"profile\": {\"captured_at\": \"2026-08-06T00:48:38.541019+00:00\", \"compiler\": {\"cost_analysis\": {\"bytes accessed0{}\": 1572864.0, \"bytes accessedout{}\": 1572864.0, \"utilization0{}\": 1.0}, \"executable_hlo_markers\": {\"custom-call\": 1, \"custom_call\": 3, \"mosaic\": 0, \"pallas\": 2, \"tpu_custom_call\": 1}, \"executable_hlo_sha256\": \"949fe3d7be5703b156e7506018d2eb55500cf74254cb06f6c1d8d97e8edaff60\", \"memory_analysis\": \"CompiledMemoryStats(generated_code_size_in_bytes=56832, argument_size_in_bytes=1572864, output_size_in_bytes=1572864, alias_size_in_bytes=0, temp_size_in_bytes=0, host_generated_code_size_in_bytes=0, host_argument_size_in_bytes=0, host_output_size_in_bytes=0, host_alias_size_in_bytes=0, host_temp_size_in_bytes=0)\", \"stablehlo_markers\": {\"custom-call\": 0, \"custom_call\": 3, \"mosaic\": 0, \"pallas\": 0, \"tpu_custom_call\": 1}, \"stablehlo_sha256\": \"cad9a2c6b81521a5ddafc6eb46bd8aa3fae27411653edb5a274427c991ff4a2d\"}, \"correctness_verified\": true, \"label\": \"candidate\", \"repetitions\": 3, \"runtime\": {\"backend\": \"tpu\", \"chex\": \"0.1.90\", \"device_count\": 1, \"device_kinds\": [\"TPU v5 lite\"], \"jax\": \"0.6.2\", \"jaxlib\": \"0.6.2\", \"libtpu\": \"0.0.17\", \"platform\": \"Linux-6.5.0-1013-gcp-x86_64-with-glibc2.35\", \"process_count\": 1, \"process_index\": 0, \"python\": \"3.10.12\"}, \"schema_version\": 1, \"speedup\": 0.9778074279131274, \"timing\": {\"baseline_median_ms\": 0.1157900000009704, \"baseline_ms\": [0.1157900000009704, 0.11543200000119214, 0.11580194999964988], \"candidate_median_ms\": 0.1184180000024071, \"candidate_ms\": [0.1184180000024071, 0.11671700000022156, 0.11880049999888342], \"speedup\": 0.9778074279131274}, \"trace\": {\"duration_event_count\": 98, \"event_count\": 119, \"named_duration_event_count\": 98, \"pallas_or_mosaic_event_names\": [], \"perfetto_relative_path\": \"trace/plugins/profile/2026_08_06_00_48_38/perfetto_trace.json.gz\", \"perfetto_sha256\": \"46a9fb73902c41fd926e42dc5095dffb939384a03163c460df60a55b5869bb36\", \"top_duration_event_names\": [{\"count\": 6, \"name\": \"PjitFunction(jit(workload))\"}, {\"count\": 3, \"name\": \"tpu::System::Execute=>Done\"}, {\"count\": 3, \"name\": \"Release semaphore\"}, {\"count\": 3, \"name\": \"TfrtTpuLoadedExecutable::Execute\"}, {\"count\": 3, \"name\": \"TfrtTpuLoadedExecutable::ExecuteHelperOnSingleDevice\"}, {\"count\": 3, \"name\": \"TfrtTpuLoadedExecutable::ExecutePrepare\"}, {\"count\": 3, \"name\": \"Acquire semaphore\"}, {\"count\": 3, \"name\": \"Handle inputs\"}, {\"count\": 3, \"name\": \"AllocateOutputBufferWithInputReuse\"}, {\"count\": 3, \"name\": \"LoadProgram\"}, {\"count\": 3, \"name\": \"TfrtTpuLoadedExecutable::ExecuteLaunch\"}, {\"count\": 3, \"name\": \"Handle input event recording\"}, {\"count\": 3, \"name\": \"TfrtTpuLoadedExecutable::CreateOutputs\"}, {\"count\": 3, \"name\": \"Handle outputs without host buffers\"}, {\"count\": 3, \"name\": \"Wait for donation holds\"}, {\"count\": 3, \"name\": \"Wait for usage holds\"}, {\"count\": 3, \"name\": \"$profiler.py:319 __init__\"}, {\"count\": 3, \"name\": \"candidate\"}, {\"count\": 3, \"name\": \"$stages.py:546 __call__\"}, {\"count\": 3, \"name\": \"ParseArguments\"}, {\"count\": 3, \"name\": \"$api.py:3106 block_until_ready\"}, {\"count\": 3, \"name\": \"$tree_util.py:88 tree_leaves\"}, {\"count\": 3, \"name\": \"$builtins isinstance\"}, {\"count\": 3, \"name\": \"$<unknown> append\"}, {\"count\": 3, \"name\": \"$builtins len\"}, {\"count\": 3, \"name\": \"$api.py:3117 try_to_block\"}, {\"count\": 3, \"name\": \"jit_workload(6933519457095297694)\"}, {\"count\": 3, \"name\": \"main.1\"}, {\"count\": 3, \"name\": \"dependency-wait\"}, {\"count\": 2, \"name\": \"$profiler.py:241 trace\"}, {\"count\": 1, \"name\": \"$contextlib.py:130 __enter__\"}, {\"count\": 1, \"name\": \"$profiler.py:96 start_trace\"}, {\"count\": 1, \"name\": \"$<unknown> __exit__\"}, {\"count\": 1, \"name\": \"$contextlib.py:139 __exit__\"}, {\"count\": 1, \"name\": \"$builtins next\"}, {\"count\": 1, \"name\": \"$profiler.py:208 stop_trace\"}]}}, \"seed_results\": [{\"passed\": true, \"seed\": 0}, {\"passed\": true, \"seed\": 1}, {\"passed\": true, \"seed\": 2}], \"stage\": \"verified\", \"stages\": {\"artifact_contract\": true, \"full_shape_correctness\": true, \"normal_lowering\": true, \"pallas_api\": true, \"profile\": true, \"runtime_safety\": true, \"tpu_compile\": true}}\n",
    "timed_out": false
  },
  "profile": {
    "captured_at": "2026-08-06T00:48:38.541019+00:00",
    "compiler": {
      "cost_analysis": {
        "bytes accessed0{}": 1572864.0,
        "bytes accessedout{}": 1572864.0,
        "utilization0{}": 1.0
      },
      "executable_hlo_markers": {
        "custom-call": 1,
        "custom_call": 3,
        "mosaic": 0,
        "pallas": 2,
        "tpu_custom_call": 1
      },
      "executable_hlo_sha256": "949fe3d7be5703b156e7506018d2eb55500cf74254cb06f6c1d8d97e8edaff60",
      "memory_analysis": "CompiledMemoryStats(generated_code_size_in_bytes=56832, argument_size_in_bytes=1572864, output_size_in_bytes=1572864, alias_size_in_bytes=0, temp_size_in_bytes=0, host_generated_code_size_in_bytes=0, host_argument_size_in_bytes=0, host_output_size_in_bytes=0, host_alias_size_in_bytes=0, host_temp_size_in_bytes=0)",
      "stablehlo_markers": {
        "custom-call": 0,
        "custom_call": 3,
        "mosaic": 0,
        "pallas": 0,
        "tpu_custom_call": 1
      },
      "stablehlo_sha256": "cad9a2c6b81521a5ddafc6eb46bd8aa3fae27411653edb5a274427c991ff4a2d"
    },
    "correctness_verified": true,
    "label": "candidate",
    "repetitions": 3,
    "runtime": {
      "backend": "tpu",
      "chex": "0.1.90",
      "device_count": 1,
      "device_kinds": [
        "TPU v5 lite"
      ],
      "jax": "0.6.2",
      "jaxlib": "0.6.2",
      "libtpu": "0.0.17",
      "platform": "Linux-6.5.0-1013-gcp-x86_64-with-glibc2.35",
      "process_count": 1,
      "process_index": 0,
      "python": "3.10.12"
    },
    "schema_version": 1,
    "speedup": 0.9778074279131274,
    "timing": {
      "baseline_median_ms": 0.1157900000009704,
      "baseline_ms": [
        0.1157900000009704,
        0.11543200000119214,
        0.11580194999964988
      ],
      "candidate_median_ms": 0.1184180000024071,
      "candidate_ms": [
        0.1184180000024071,
        0.11671700000022156,
        0.11880049999888342
      ],
      "speedup": 0.9778074279131274
    },
    "trace": {
      "duration_event_count": 98,
      "event_count": 119,
      "named_duration_event_count": 98,
      "pallas_or_mosaic_event_names": [],
      "perfetto_relative_path": "trace/plugins/profile/2026_08_06_00_48_38/perfetto_trace.json.gz",
      "perfetto_sha256": "46a9fb73902c41fd926e42dc5095dffb939384a03163c460df60a55b5869bb36",
      "top_duration_event_names": [
        {
          "count": 6,
          "name": "PjitFunction(jit(workload))"
        },
        {
          "count": 3,
          "name": "tpu::System::Execute=>Done"
        },
        {
          "count": 3,
          "name": "Release semaphore"
        },
        {
          "count": 3,
          "name": "TfrtTpuLoadedExecutable::Execute"
        },
        {
          "count": 3,
          "name": "TfrtTpuLoadedExecutable::ExecuteHelperOnSingleDevice"
        },
        {
          "count": 3,
          "name": "TfrtTpuLoadedExecutable::ExecutePrepare"
        },
        {
          "count": 3,
          "name": "Acquire semaphore"
        },
        {
          "count": 3,
          "name": "Handle inputs"
        },
        {
          "count": 3,
          "name": "AllocateOutputBufferWithInputReuse"
        },
        {
          "count": 3,
          "name": "LoadProgram"
        },
        {
          "count": 3,
          "name": "TfrtTpuLoadedExecutable::ExecuteLaunch"
        },
        {
          "count": 3,
          "name": "Handle input event recording"
        },
        {
          "count": 3,
          "name": "TfrtTpuLoadedExecutable::CreateOutputs"
        },
        {
          "count": 3,
          "name": "Handle outputs without host buffers"
        },
        {
          "count": 3,
          "name": "Wait for donation holds"
        },
        {
          "count": 3,
          "name": "Wait for usage holds"
        },
        {
          "count": 3,
          "name": "$profiler.py:319 __init__"
        },
        {
          "count": 3,
          "name": "candidate"
        },
        {
          "count": 3,
          "name": "$stages.py:546 __call__"
        },
        {
          "count": 3,
          "name": "ParseArguments"
        },
        {
          "count": 3,
          "name": "$api.py:3106 block_until_ready"
        },
        {
          "count": 3,
          "name": "$tree_util.py:88 tree_leaves"
        },
        {
          "count": 3,
          "name": "$builtins isinstance"
        },
        {
          "count": 3,
          "name": "$<unknown> append"
        },
        {
          "count": 3,
          "name": "$builtins len"
        },
        {
          "count": 3,
          "name": "$api.py:3117 try_to_block"
        },
        {
          "count": 3,
          "name": "jit_workload(6933519457095297694)"
        },
        {
          "count": 3,
          "name": "main.1"
        },
        {
          "count": 3,
          "name": "dependency-wait"
        },
        {
          "count": 2,
          "name": "$profiler.py:241 trace"
        },
        {
          "count": 1,
          "name": "$contextlib.py:130 __enter__"
        },
        {
          "count": 1,
          "name": "$profiler.py:96 start_trace"
        },
        {
          "count": 1,
          "name": "$<unknown> __exit__"
        },
        {
          "count": 1,
          "name": "$contextlib.py:139 __exit__"
        },
        {
          "count": 1,
          "name": "$builtins next"
        },
        {
          "count": 1,
          "name": "$profiler.py:208 stop_trace"
        }
      ]
    }
  },
  "seed_results": [
    {
      "passed": true,
      "seed": 0
    },
    {
      "passed": true,
      "seed": 1
    },
    {
      "passed": true,
      "seed": 2
    }
  ],
  "stage": "verified",
  "stages": {
    "artifact_contract": true,
    "full_shape_correctness": true,
    "normal_lowering": true,
    "pallas_api": true,
    "profile": true,
    "runtime_safety": true,
    "tpu_compile": true
  }
}
