{
  "authentic": true,
  "correct": false,
  "error": "AssertionError: [Chex] Assertion assert_trees_all_close failed:  Trees (arrays) 0 and 1 differ: \nNot equal to tolerance rtol=0.001, atol=0.001\nError in value equality check: Values not approximately equal\nMismatched elements: 19835 / 24576 (80.7%)\nMax absolute difference among violations: 0.09440207\nMax relative difference among violations: 1.\n ACTUAL: array([[0., 0., 0., ..., 0., 0., 0.],\n       [0., 0., 0., ..., 0., 0., 0.],\n       [0., 0., 0., ..., 0., 0., 0.],...\n DESIRED: array([[0.024106, 0.01605 , 0.001707, ..., 0.003116, 0.001515, 0.000912],\n       [0.001861, 0.000933, 0.001228, ..., 0.000696, 0.002454, 0.002407],\n       [0.00258 , 0.000328, 0.001184, ..., 0.001866, 0.008056, 0.010391],... \nOriginal dtypes: float32, float32.",
  "hardware": {
    "device_count": 1,
    "device_kinds": [
      "TPU v5 lite"
    ],
    "platforms": [
      "tpu"
    ],
    "process_count": 1,
    "process_index": 0
  },
  "infrastructure_error": false,
  "kernel_sha256": "8c1ce173916db0eb0922adb89aab4e7b50618871c0a31affdccd69fb553e0168",
  "normal_lowered": false,
  "passed": false,
  "process": {
    "returncode": 2,
    "stderr": "/home/sudarshan/opjax-g42/environments/pallas-eval/.venv/lib/python3.10/site-packages/jax/_src/cloud_tpu_init.py:84: UserWarning: Transparent hugepages are not enabled. TPU runtime startup and shutdown time should be significantly improved on TPU v5e and newer. If not already set, you may need to enable transparent hugepages in your VM image (sudo sh -c \"echo always > /sys/kernel/mm/transparent_hugepage/enabled\")\n  warnings.warn(\n",
    "stdout": "{\"authentic\": true, \"correct\": false, \"error\": \"AssertionError: [Chex] Assertion assert_trees_all_close failed:  Trees (arrays) 0 and 1 differ: \\nNot equal to tolerance rtol=0.001, atol=0.001\\nError in value equality check: Values not approximately equal\\nMismatched elements: 19835 / 24576 (80.7%)\\nMax absolute difference among violations: 0.09440207\\nMax relative difference among violations: 1.\\n ACTUAL: array([[0., 0., 0., ..., 0., 0., 0.],\\n       [0., 0., 0., ..., 0., 0., 0.],\\n       [0., 0., 0., ..., 0., 0., 0.],...\\n DESIRED: array([[0.024106, 0.01605 , 0.001707, ..., 0.003116, 0.001515, 0.000912],\\n       [0.001861, 0.000933, 0.001228, ..., 0.000696, 0.002454, 0.002407],\\n       [0.00258 , 0.000328, 0.001184, ..., 0.001866, 0.008056, 0.010391],... \\nOriginal dtypes: float32, float32.\", \"hardware\": {\"device_count\": 1, \"device_kinds\": [\"TPU v5 lite\"], \"platforms\": [\"tpu\"], \"process_count\": 1, \"process_index\": 0}, \"infrastructure_error\": false, \"kernel_sha256\": \"8c1ce173916db0eb0922adb89aab4e7b50618871c0a31affdccd69fb553e0168\", \"normal_lowered\": false, \"passed\": false, \"stage\": \"full_shape_correctness\", \"stages\": {\"artifact_contract\": true, \"full_shape_correctness\": false, \"normal_lowering\": false, \"pallas_api\": true, \"profile\": false, \"runtime_safety\": false, \"tpu_compile\": true}}\n",
    "timed_out": false
  },
  "stage": "full_shape_correctness",
  "stages": {
    "artifact_contract": true,
    "full_shape_correctness": false,
    "normal_lowering": false,
    "pallas_api": true,
    "profile": false,
    "runtime_safety": false,
    "tpu_compile": true
  }
}
