{
  "authentic": true,
  "correct": false,
  "error": "AssertionError: [Chex] Assertion assert_trees_all_close failed:  Trees (arrays) 0 and 1 differ: \nNot equal to tolerance rtol=0.001, atol=0.001\nError in value equality check: Values not approximately equal\nMismatched elements: 299729 / 327680 (91.5%)\nMax absolute difference among violations: 10.13403\nMax relative difference among violations: 30301176.\n ACTUAL: array([[ 3.068501e+00,  6.483797e-01, -9.423728e-02, ..., -4.512173e-02,\n        -5.296027e-02,  8.359504e-02],\n       [-8.714699e-04, -6.184036e-02,  6.809134e-02, ...,  7.463611e-01,...\n DESIRED: array([[ 2.186552e-02,  1.703081e-02, -1.340115e-01, ..., -8.446073e-02,\n        -5.073298e-02,  6.605478e-02],\n       [-8.356750e-04, -1.786974e+00,  9.495533e-02, ...,  8.298011e-01,... \nOriginal dtypes: float32, float32.",
  "hardware": {
    "device_count": 1,
    "device_kinds": [
      "TPU v5 lite"
    ],
    "platforms": [
      "tpu"
    ],
    "process_count": 1,
    "process_index": 0
  },
  "infrastructure_error": false,
  "kernel_sha256": "43c60fd36ce5a87d2bd801f986b5d3536c2ec9f05eecc9a45ed1f8551cb2dea3",
  "normal_lowered": false,
  "passed": false,
  "process": {
    "returncode": 2,
    "stderr": "",
    "stdout": "{\"authentic\": true, \"correct\": false, \"error\": \"AssertionError: [Chex] Assertion assert_trees_all_close failed:  Trees (arrays) 0 and 1 differ: \\nNot equal to tolerance rtol=0.001, atol=0.001\\nError in value equality check: Values not approximately equal\\nMismatched elements: 299729 / 327680 (91.5%)\\nMax absolute difference among violations: 10.13403\\nMax relative difference among violations: 30301176.\\n ACTUAL: array([[ 3.068501e+00,  6.483797e-01, -9.423728e-02, ..., -4.512173e-02,\\n        -5.296027e-02,  8.359504e-02],\\n       [-8.714699e-04, -6.184036e-02,  6.809134e-02, ...,  7.463611e-01,...\\n DESIRED: array([[ 2.186552e-02,  1.703081e-02, -1.340115e-01, ..., -8.446073e-02,\\n        -5.073298e-02,  6.605478e-02],\\n       [-8.356750e-04, -1.786974e+00,  9.495533e-02, ...,  8.298011e-01,... \\nOriginal dtypes: float32, float32.\", \"hardware\": {\"device_count\": 1, \"device_kinds\": [\"TPU v5 lite\"], \"platforms\": [\"tpu\"], \"process_count\": 1, \"process_index\": 0}, \"infrastructure_error\": false, \"kernel_sha256\": \"43c60fd36ce5a87d2bd801f986b5d3536c2ec9f05eecc9a45ed1f8551cb2dea3\", \"normal_lowered\": false, \"passed\": false, \"stage\": \"full_shape_correctness\", \"stages\": {\"artifact_contract\": true, \"full_shape_correctness\": false, \"normal_lowering\": false, \"pallas_api\": true, \"profile\": false, \"runtime_safety\": false, \"tpu_compile\": true}}\n",
    "timed_out": false
  },
  "stage": "full_shape_correctness",
  "stages": {
    "artifact_contract": true,
    "full_shape_correctness": false,
    "normal_lowering": false,
    "pallas_api": true,
    "profile": false,
    "runtime_safety": false,
    "tpu_compile": true
  }
}
