{
  "authentic": true,
  "correct": false,
  "error": "ValueError: The truth value of an array with more than one element is ambiguous. Use a.any() or a.all()",
  "hardware": {
    "device_count": 1,
    "device_kinds": [
      "TPU v5 lite"
    ],
    "platforms": [
      "tpu"
    ],
    "process_count": 1,
    "process_index": 0
  },
  "infrastructure_error": false,
  "kernel_sha256": "d8a3d0db1a29e51548ce222e8b550218a979f3be916efea76a03d9d0c27910e6",
  "normal_lowered": false,
  "passed": false,
  "process": {
    "returncode": 2,
    "stderr": "",
    "stdout": "{\"authentic\": true, \"correct\": false, \"error\": \"ValueError: The truth value of an array with more than one element is ambiguous. Use a.any() or a.all()\", \"hardware\": {\"device_count\": 1, \"device_kinds\": [\"TPU v5 lite\"], \"platforms\": [\"tpu\"], \"process_count\": 1, \"process_index\": 0}, \"infrastructure_error\": false, \"kernel_sha256\": \"d8a3d0db1a29e51548ce222e8b550218a979f3be916efea76a03d9d0c27910e6\", \"normal_lowered\": false, \"passed\": false, \"stage\": \"tpu_compile\", \"stages\": {\"artifact_contract\": true, \"full_shape_correctness\": false, \"normal_lowering\": false, \"pallas_api\": true, \"profile\": false, \"runtime_safety\": false, \"tpu_compile\": false}}\n",
    "timed_out": false
  },
  "stage": "tpu_compile",
  "stages": {
    "artifact_contract": true,
    "full_shape_correctness": false,
    "normal_lowering": false,
    "pallas_api": true,
    "profile": false,
    "runtime_safety": false,
    "tpu_compile": false
  }
}
