{
  "authentic": true,
  "correct": false,
  "error": "AssertionError: [Chex] Assertion assert_trees_all_close failed:  Trees (arrays) 0 and 1 differ: \nNot equal to tolerance rtol=0.001, atol=0.001\nError in value equality check: Values not approximately equal\nMismatched elements: 322137 / 327680 (98.3%)\nFirst 5 mismatches are at indices:\n [0, 0]: -0.0 (ACTUAL), 0.021865518763661385 (DESIRED)\n [0, 1]: -0.0 (ACTUAL), 0.017030814662575722 (DESIRED)\n [0, 2]: -0.2304885983467102 (ACTUAL), -0.13401147723197937 (DESIRED)\n [0, 3]: 0.0 (ACTUAL), -0.11237020790576935 (DESIRED)\n [0, 4]: -0.0 (ACTUAL), 0.14651118218898773 (DESIRED)\nMax absolute difference among violations: 0.761133\nMax relative difference among violations: 1.\n ACTUAL: array([[-0.      , -0.      , -0.230489, ..., -0.097875,  0.      ,\n        -0.      ],\n       [ 0.      , -1.827472,  0.123955, ...,  0.911481,  0.463569,...\n DESIRED: array([[ 2.186552e-02,  1.703081e-02, -1.340115e-01, ..., -8.446073e-02,\n        -5.073298e-02,  6.605478e-02],\n       [-8.356750e-04, -1.786974e+00,  9.495533e-02, ...,  8.298011e-01,... \nOriginal dtypes: float32, float32.",
  "hardware": {
    "device_count": 1,
    "device_kinds": [
      "TPU v5 lite"
    ],
    "platforms": [
      "tpu"
    ],
    "process_count": 1,
    "process_index": 0
  },
  "infrastructure_error": false,
  "kernel_sha256": "e0f3f969432e32c7063c3d626413a454ec98555bf7bc56b7ee25e97a536ac67c",
  "normal_lowered": false,
  "passed": false,
  "process": {
    "returncode": 2,
    "stderr": "",
    "stdout": "{\"authentic\": true, \"correct\": false, \"error\": \"AssertionError: [Chex] Assertion assert_trees_all_close failed:  Trees (arrays) 0 and 1 differ: \\nNot equal to tolerance rtol=0.001, atol=0.001\\nError in value equality check: Values not approximately equal\\nMismatched elements: 322137 / 327680 (98.3%)\\nFirst 5 mismatches are at indices:\\n [0, 0]: -0.0 (ACTUAL), 0.021865518763661385 (DESIRED)\\n [0, 1]: -0.0 (ACTUAL), 0.017030814662575722 (DESIRED)\\n [0, 2]: -0.2304885983467102 (ACTUAL), -0.13401147723197937 (DESIRED)\\n [0, 3]: 0.0 (ACTUAL), -0.11237020790576935 (DESIRED)\\n [0, 4]: -0.0 (ACTUAL), 0.14651118218898773 (DESIRED)\\nMax absolute difference among violations: 0.761133\\nMax relative difference among violations: 1.\\n ACTUAL: array([[-0.      , -0.      , -0.230489, ..., -0.097875,  0.      ,\\n        -0.      ],\\n       [ 0.      , -1.827472,  0.123955, ...,  0.911481,  0.463569,...\\n DESIRED: array([[ 2.186552e-02,  1.703081e-02, -1.340115e-01, ..., -8.446073e-02,\\n        -5.073298e-02,  6.605478e-02],\\n       [-8.356750e-04, -1.786974e+00,  9.495533e-02, ...,  8.298011e-01,... \\nOriginal dtypes: float32, float32.\", \"hardware\": {\"device_count\": 1, \"device_kinds\": [\"TPU v5 lite\"], \"platforms\": [\"tpu\"], \"process_count\": 1, \"process_index\": 0}, \"infrastructure_error\": false, \"kernel_sha256\": \"e0f3f969432e32c7063c3d626413a454ec98555bf7bc56b7ee25e97a536ac67c\", \"normal_lowered\": false, \"passed\": false, \"stage\": \"full_shape_correctness\", \"stages\": {\"artifact_contract\": true, \"full_shape_correctness\": false, \"normal_lowering\": false, \"pallas_api\": true, \"profile\": false, \"runtime_safety\": false, \"tpu_compile\": true}}\n",
    "timed_out": false
  },
  "stage": "full_shape_correctness",
  "stages": {
    "artifact_contract": true,
    "full_shape_correctness": false,
    "normal_lowering": false,
    "pallas_api": true,
    "profile": false,
    "runtime_safety": false,
    "tpu_compile": true
  }
}
