{
  "authentic": true,
  "correct": true,
  "error": null,
  "executable_tpu_custom_call": true,
  "hardware": {
    "device_count": 1,
    "device_kinds": [
      "TPU v5 lite"
    ],
    "platforms": [
      "tpu"
    ],
    "process_count": 1,
    "process_index": 0
  },
  "infrastructure_error": false,
  "kernel_sha256": "eeb3017c9a0134df21acce290ae606ed048767d46536fb2ec6c6ba488a98ed38",
  "normal_lowered": true,
  "passed": true,
  "process": {
    "returncode": 0,
    "stderr": "/home/sudarshan/opjax-g42/environments/pallas-eval/.venv/lib/python3.10/site-packages/jax/_src/cloud_tpu_init.py:84: UserWarning: Transparent hugepages are not enabled. TPU runtime startup and shutdown time should be significantly improved on TPU v5e and newer. If not already set, you may need to enable transparent hugepages in your VM image (sudo sh -c \"echo always > /sys/kernel/mm/transparent_hugepage/enabled\")\n  warnings.warn(\n2026-08-05 18:25:44.531854: E external/xla/xla/python/profiler/internal/python_hooks.cc:412] Can't import tensorflow.python.profiler.trace\n2026-08-05 18:25:44.538444: E external/xla/xla/python/profiler/internal/python_hooks.cc:412] Can't import tensorflow.python.profiler.trace\n",
    "stdout": "{\"authentic\": true, \"correct\": true, \"error\": null, \"executable_tpu_custom_call\": true, \"hardware\": {\"device_count\": 1, \"device_kinds\": [\"TPU v5 lite\"], \"platforms\": [\"tpu\"], \"process_count\": 1, \"process_index\": 0}, \"infrastructure_error\": false, \"kernel_sha256\": \"eeb3017c9a0134df21acce290ae606ed048767d46536fb2ec6c6ba488a98ed38\", \"normal_lowered\": true, \"passed\": true, \"profile\": {\"captured_at\": \"2026-08-05T18:25:44.564916+00:00\", \"compiler\": {\"cost_analysis\": {\"bytes accessed0{}\": 589824.0, \"bytes accessed1{}\": 589824.0, \"bytes accessedout{}\": 589824.0, \"utilization0{}\": 1.0, \"utilization1{}\": 1.0}, \"executable_hlo_markers\": {\"custom-call\": 1, \"custom_call\": 3, \"mosaic\": 0, \"pallas\": 2, \"tpu_custom_call\": 1}, \"executable_hlo_sha256\": \"7744f05de782c164e0ed195e4e708d359af17fec89ea612bdceecb9cfc9a6485\", \"memory_analysis\": \"CompiledMemoryStats(generated_code_size_in_bytes=41984, argument_size_in_bytes=1179648, output_size_in_bytes=589824, alias_size_in_bytes=0, temp_size_in_bytes=0, host_generated_code_size_in_bytes=0, host_argument_size_in_bytes=0, host_output_size_in_bytes=0, host_alias_size_in_bytes=0, host_temp_size_in_bytes=0)\", \"stablehlo_markers\": {\"custom-call\": 0, \"custom_call\": 3, \"mosaic\": 0, \"pallas\": 0, \"tpu_custom_call\": 1}, \"stablehlo_sha256\": \"84e59e7cbe4c23ee56f321d7f308564a82fa1670924a1ff005a6bbe67742054a\"}, \"correctness_verified\": true, \"label\": \"candidate\", \"repetitions\": 3, \"runtime\": {\"backend\": \"tpu\", \"chex\": \"0.1.90\", \"device_count\": 1, \"device_kinds\": [\"TPU v5 lite\"], \"jax\": \"0.6.2\", \"jaxlib\": \"0.6.2\", \"libtpu\": \"0.0.17\", \"platform\": \"Linux-5.19.0-1030-gcp-x86_64-with-glibc2.35\", \"process_count\": 1, \"process_index\": 0, \"python\": \"3.10.12\"}, \"schema_version\": 1, \"speedup\": 0.9772851667088602, \"timing\": {\"baseline_median_ms\": 0.10676644997147378, \"baseline_ms\": [0.10727199987741187, 0.10485750026418827, 0.10676644997147378], \"candidate_median_ms\": 0.10924800008069724, \"candidate_ms\": [0.10947545015369542, 0.1064014999428764, 0.10924800008069724], \"speedup\": 0.9772851667088602}, \"trace\": {\"duration_event_count\": 98, \"event_count\": 119, \"named_duration_event_count\": 98, \"pallas_or_mosaic_event_names\": [], \"perfetto_relative_path\": \"trace/plugins/profile/2026_08_05_18_25_44/perfetto_trace.json.gz\", \"perfetto_sha256\": \"837792f1fa434cd1fcb5286781591f4f5dda791b51ac41a3899da3bac0dd281e\", \"top_duration_event_names\": [{\"count\": 6, \"name\": \"PjitFunction(jit(workload))\"}, {\"count\": 3, \"name\": \"tpu::System::Execute=>Done\"}, {\"count\": 3, \"name\": \"Release semaphore\"}, {\"count\": 3, \"name\": \"TfrtTpuLoadedExecutable::Execute\"}, {\"count\": 3, \"name\": \"TfrtTpuLoadedExecutable::ExecuteHelperOnSingleDevice\"}, {\"count\": 3, \"name\": \"TfrtTpuLoadedExecutable::ExecutePrepare\"}, {\"count\": 3, \"name\": \"Acquire semaphore\"}, {\"count\": 3, \"name\": \"Handle inputs\"}, {\"count\": 3, \"name\": \"AllocateOutputBufferWithInputReuse\"}, {\"count\": 3, \"name\": \"LoadProgram\"}, {\"count\": 3, \"name\": \"TfrtTpuLoadedExecutable::ExecuteLaunch\"}, {\"count\": 3, \"name\": \"Handle input event recording\"}, {\"count\": 3, \"name\": \"TfrtTpuLoadedExecutable::CreateOutputs\"}, {\"count\": 3, \"name\": \"Handle outputs without host buffers\"}, {\"count\": 3, \"name\": \"Wait for donation holds\"}, {\"count\": 3, \"name\": \"Wait for usage holds\"}, {\"count\": 3, \"name\": \"$profiler.py:319 __init__\"}, {\"count\": 3, \"name\": \"candidate\"}, {\"count\": 3, \"name\": \"$stages.py:546 __call__\"}, {\"count\": 3, \"name\": \"ParseArguments\"}, {\"count\": 3, \"name\": \"$api.py:3106 block_until_ready\"}, {\"count\": 3, \"name\": \"$tree_util.py:88 tree_leaves\"}, {\"count\": 3, \"name\": \"$builtins isinstance\"}, {\"count\": 3, \"name\": \"$<unknown> append\"}, {\"count\": 3, \"name\": \"$builtins len\"}, {\"count\": 3, \"name\": \"$api.py:3117 try_to_block\"}, {\"count\": 3, \"name\": \"jit_workload(11456536870635779330)\"}, {\"count\": 3, \"name\": \"main.1\"}, {\"count\": 3, \"name\": \"dependency-wait\"}, {\"count\": 2, \"name\": \"$profiler.py:241 trace\"}, {\"count\": 1, \"name\": \"$contextlib.py:130 __enter__\"}, {\"count\": 1, \"name\": \"$profiler.py:96 start_trace\"}, {\"count\": 1, \"name\": \"$<unknown> __exit__\"}, {\"count\": 1, \"name\": \"$contextlib.py:139 __exit__\"}, {\"count\": 1, \"name\": \"$builtins next\"}, {\"count\": 1, \"name\": \"$profiler.py:208 stop_trace\"}]}}, \"seed_results\": [{\"passed\": true, \"seed\": 0}, {\"passed\": true, \"seed\": 1}, {\"passed\": true, \"seed\": 2}], \"stage\": \"verified\", \"stages\": {\"artifact_contract\": true, \"full_shape_correctness\": true, \"normal_lowering\": true, \"pallas_api\": true, \"profile\": true, \"runtime_safety\": true, \"tpu_compile\": true}}\n",
    "timed_out": false
  },
  "profile": {
    "captured_at": "2026-08-05T18:25:44.564916+00:00",
    "compiler": {
      "cost_analysis": {
        "bytes accessed0{}": 589824.0,
        "bytes accessed1{}": 589824.0,
        "bytes accessedout{}": 589824.0,
        "utilization0{}": 1.0,
        "utilization1{}": 1.0
      },
      "executable_hlo_markers": {
        "custom-call": 1,
        "custom_call": 3,
        "mosaic": 0,
        "pallas": 2,
        "tpu_custom_call": 1
      },
      "executable_hlo_sha256": "7744f05de782c164e0ed195e4e708d359af17fec89ea612bdceecb9cfc9a6485",
      "memory_analysis": "CompiledMemoryStats(generated_code_size_in_bytes=41984, argument_size_in_bytes=1179648, output_size_in_bytes=589824, alias_size_in_bytes=0, temp_size_in_bytes=0, host_generated_code_size_in_bytes=0, host_argument_size_in_bytes=0, host_output_size_in_bytes=0, host_alias_size_in_bytes=0, host_temp_size_in_bytes=0)",
      "stablehlo_markers": {
        "custom-call": 0,
        "custom_call": 3,
        "mosaic": 0,
        "pallas": 0,
        "tpu_custom_call": 1
      },
      "stablehlo_sha256": "84e59e7cbe4c23ee56f321d7f308564a82fa1670924a1ff005a6bbe67742054a"
    },
    "correctness_verified": true,
    "label": "candidate",
    "repetitions": 3,
    "runtime": {
      "backend": "tpu",
      "chex": "0.1.90",
      "device_count": 1,
      "device_kinds": [
        "TPU v5 lite"
      ],
      "jax": "0.6.2",
      "jaxlib": "0.6.2",
      "libtpu": "0.0.17",
      "platform": "Linux-5.19.0-1030-gcp-x86_64-with-glibc2.35",
      "process_count": 1,
      "process_index": 0,
      "python": "3.10.12"
    },
    "schema_version": 1,
    "speedup": 0.9772851667088602,
    "timing": {
      "baseline_median_ms": 0.10676644997147378,
      "baseline_ms": [
        0.10727199987741187,
        0.10485750026418827,
        0.10676644997147378
      ],
      "candidate_median_ms": 0.10924800008069724,
      "candidate_ms": [
        0.10947545015369542,
        0.1064014999428764,
        0.10924800008069724
      ],
      "speedup": 0.9772851667088602
    },
    "trace": {
      "duration_event_count": 98,
      "event_count": 119,
      "named_duration_event_count": 98,
      "pallas_or_mosaic_event_names": [],
      "perfetto_relative_path": "trace/plugins/profile/2026_08_05_18_25_44/perfetto_trace.json.gz",
      "perfetto_sha256": "837792f1fa434cd1fcb5286781591f4f5dda791b51ac41a3899da3bac0dd281e",
      "top_duration_event_names": [
        {
          "count": 6,
          "name": "PjitFunction(jit(workload))"
        },
        {
          "count": 3,
          "name": "tpu::System::Execute=>Done"
        },
        {
          "count": 3,
          "name": "Release semaphore"
        },
        {
          "count": 3,
          "name": "TfrtTpuLoadedExecutable::Execute"
        },
        {
          "count": 3,
          "name": "TfrtTpuLoadedExecutable::ExecuteHelperOnSingleDevice"
        },
        {
          "count": 3,
          "name": "TfrtTpuLoadedExecutable::ExecutePrepare"
        },
        {
          "count": 3,
          "name": "Acquire semaphore"
        },
        {
          "count": 3,
          "name": "Handle inputs"
        },
        {
          "count": 3,
          "name": "AllocateOutputBufferWithInputReuse"
        },
        {
          "count": 3,
          "name": "LoadProgram"
        },
        {
          "count": 3,
          "name": "TfrtTpuLoadedExecutable::ExecuteLaunch"
        },
        {
          "count": 3,
          "name": "Handle input event recording"
        },
        {
          "count": 3,
          "name": "TfrtTpuLoadedExecutable::CreateOutputs"
        },
        {
          "count": 3,
          "name": "Handle outputs without host buffers"
        },
        {
          "count": 3,
          "name": "Wait for donation holds"
        },
        {
          "count": 3,
          "name": "Wait for usage holds"
        },
        {
          "count": 3,
          "name": "$profiler.py:319 __init__"
        },
        {
          "count": 3,
          "name": "candidate"
        },
        {
          "count": 3,
          "name": "$stages.py:546 __call__"
        },
        {
          "count": 3,
          "name": "ParseArguments"
        },
        {
          "count": 3,
          "name": "$api.py:3106 block_until_ready"
        },
        {
          "count": 3,
          "name": "$tree_util.py:88 tree_leaves"
        },
        {
          "count": 3,
          "name": "$builtins isinstance"
        },
        {
          "count": 3,
          "name": "$<unknown> append"
        },
        {
          "count": 3,
          "name": "$builtins len"
        },
        {
          "count": 3,
          "name": "$api.py:3117 try_to_block"
        },
        {
          "count": 3,
          "name": "jit_workload(11456536870635779330)"
        },
        {
          "count": 3,
          "name": "main.1"
        },
        {
          "count": 3,
          "name": "dependency-wait"
        },
        {
          "count": 2,
          "name": "$profiler.py:241 trace"
        },
        {
          "count": 1,
          "name": "$contextlib.py:130 __enter__"
        },
        {
          "count": 1,
          "name": "$profiler.py:96 start_trace"
        },
        {
          "count": 1,
          "name": "$<unknown> __exit__"
        },
        {
          "count": 1,
          "name": "$contextlib.py:139 __exit__"
        },
        {
          "count": 1,
          "name": "$builtins next"
        },
        {
          "count": 1,
          "name": "$profiler.py:208 stop_trace"
        }
      ]
    }
  },
  "seed_results": [
    {
      "passed": true,
      "seed": 0
    },
    {
      "passed": true,
      "seed": 1
    },
    {
      "passed": true,
      "seed": 2
    }
  ],
  "stage": "verified",
  "stages": {
    "artifact_contract": true,
    "full_shape_correctness": true,
    "normal_lowering": true,
    "pallas_api": true,
    "profile": true,
    "runtime_safety": true,
    "tpu_compile": true
  }
}
