{
  "authentic": true,
  "correct": true,
  "error": null,
  "executable_tpu_custom_call": true,
  "hardware": {
    "device_count": 1,
    "device_kinds": [
      "TPU v5 lite"
    ],
    "platforms": [
      "tpu"
    ],
    "process_count": 1,
    "process_index": 0
  },
  "infrastructure_error": false,
  "kernel_sha256": "2a5296651495664d65df75c958a02890b44388b60307544f8fb5ea4824a7a05b",
  "normal_lowered": true,
  "passed": true,
  "process": {
    "returncode": 0,
    "stderr": "2026-08-05 23:16:46.046506: E external/xla/xla/python/profiler/internal/python_hooks.cc:412] Can't import tensorflow.python.profiler.trace\n2026-08-05 23:16:46.052288: E external/xla/xla/python/profiler/internal/python_hooks.cc:412] Can't import tensorflow.python.profiler.trace\n",
    "stdout": "{\"authentic\": true, \"correct\": true, \"error\": null, \"executable_tpu_custom_call\": true, \"hardware\": {\"device_count\": 1, \"device_kinds\": [\"TPU v5 lite\"], \"platforms\": [\"tpu\"], \"process_count\": 1, \"process_index\": 0}, \"infrastructure_error\": false, \"kernel_sha256\": \"2a5296651495664d65df75c958a02890b44388b60307544f8fb5ea4824a7a05b\", \"normal_lowered\": true, \"passed\": true, \"profile\": {\"captured_at\": \"2026-08-05T23:16:46.077509+00:00\", \"compiler\": {\"cost_analysis\": {\"bytes accessed0{}\": 786432.0, \"bytes accessed1{}\": 786432.0, \"bytes accessedout{}\": 786432.0, \"utilization0{}\": 1.0, \"utilization1{}\": 1.0}, \"executable_hlo_markers\": {\"custom-call\": 1, \"custom_call\": 3, \"mosaic\": 0, \"pallas\": 2, \"tpu_custom_call\": 1}, \"executable_hlo_sha256\": \"36b568797b636b92c1e6364e8f7d5dbbaf34adee864bef08aff37ec3361d402a\", \"memory_analysis\": \"CompiledMemoryStats(generated_code_size_in_bytes=41472, argument_size_in_bytes=1572864, output_size_in_bytes=786432, alias_size_in_bytes=0, temp_size_in_bytes=0, host_generated_code_size_in_bytes=0, host_argument_size_in_bytes=0, host_output_size_in_bytes=0, host_alias_size_in_bytes=0, host_temp_size_in_bytes=0)\", \"stablehlo_markers\": {\"custom-call\": 0, \"custom_call\": 3, \"mosaic\": 0, \"pallas\": 0, \"tpu_custom_call\": 1}, \"stablehlo_sha256\": \"d8c55b31c189b5bb672cc892445b3a96dccc35cd629186c8fad14386ef8273af\"}, \"correctness_verified\": true, \"label\": \"candidate\", \"repetitions\": 3, \"runtime\": {\"backend\": \"tpu\", \"chex\": \"0.1.90\", \"device_count\": 1, \"device_kinds\": [\"TPU v5 lite\"], \"jax\": \"0.6.2\", \"jaxlib\": \"0.6.2\", \"libtpu\": \"0.0.17\", \"platform\": \"Linux-6.5.0-1013-gcp-x86_64-with-glibc2.35\", \"process_count\": 1, \"process_index\": 0, \"python\": \"3.10.12\"}, \"schema_version\": 1, \"speedup\": 0.996434765852492, \"timing\": {\"baseline_median_ms\": 0.1240919999986545, \"baseline_ms\": [0.12539300000184994, 0.1240919999986545, 0.12331699999776902], \"candidate_median_ms\": 0.124535999998443, \"candidate_ms\": [0.124535999998443, 0.124522999999499, 0.12666700000067976], \"speedup\": 0.996434765852492}, \"trace\": {\"duration_event_count\": 98, \"event_count\": 119, \"named_duration_event_count\": 98, \"pallas_or_mosaic_event_names\": [], \"perfetto_relative_path\": \"trace/plugins/profile/2026_08_05_23_16_46/perfetto_trace.json.gz\", \"perfetto_sha256\": \"2900115856b2b20604880c332face235ed356f2c5c3d782eda681fef02750574\", \"top_duration_event_names\": [{\"count\": 6, \"name\": \"PjitFunction(jit(workload))\"}, {\"count\": 3, \"name\": \"tpu::System::Execute=>Done\"}, {\"count\": 3, \"name\": \"Release semaphore\"}, {\"count\": 3, \"name\": \"TfrtTpuLoadedExecutable::Execute\"}, {\"count\": 3, \"name\": \"TfrtTpuLoadedExecutable::ExecuteHelperOnSingleDevice\"}, {\"count\": 3, \"name\": \"TfrtTpuLoadedExecutable::ExecutePrepare\"}, {\"count\": 3, \"name\": \"Acquire semaphore\"}, {\"count\": 3, \"name\": \"Handle inputs\"}, {\"count\": 3, \"name\": \"AllocateOutputBufferWithInputReuse\"}, {\"count\": 3, \"name\": \"LoadProgram\"}, {\"count\": 3, \"name\": \"TfrtTpuLoadedExecutable::ExecuteLaunch\"}, {\"count\": 3, \"name\": \"Handle input event recording\"}, {\"count\": 3, \"name\": \"TfrtTpuLoadedExecutable::CreateOutputs\"}, {\"count\": 3, \"name\": \"Handle outputs without host buffers\"}, {\"count\": 3, \"name\": \"Wait for donation holds\"}, {\"count\": 3, \"name\": \"Wait for usage holds\"}, {\"count\": 3, \"name\": \"$profiler.py:319 __init__\"}, {\"count\": 3, \"name\": \"candidate\"}, {\"count\": 3, \"name\": \"$stages.py:546 __call__\"}, {\"count\": 3, \"name\": \"ParseArguments\"}, {\"count\": 3, \"name\": \"$api.py:3106 block_until_ready\"}, {\"count\": 3, \"name\": \"$tree_util.py:88 tree_leaves\"}, {\"count\": 3, \"name\": \"$builtins isinstance\"}, {\"count\": 3, \"name\": \"$<unknown> append\"}, {\"count\": 3, \"name\": \"$builtins len\"}, {\"count\": 3, \"name\": \"$api.py:3117 try_to_block\"}, {\"count\": 3, \"name\": \"jit_workload(17734313789264556935)\"}, {\"count\": 3, \"name\": \"main.1\"}, {\"count\": 3, \"name\": \"dependency-wait\"}, {\"count\": 2, \"name\": \"$profiler.py:241 trace\"}, {\"count\": 1, \"name\": \"$contextlib.py:130 __enter__\"}, {\"count\": 1, \"name\": \"$profiler.py:96 start_trace\"}, {\"count\": 1, \"name\": \"$<unknown> __exit__\"}, {\"count\": 1, \"name\": \"$contextlib.py:139 __exit__\"}, {\"count\": 1, \"name\": \"$builtins next\"}, {\"count\": 1, \"name\": \"$profiler.py:208 stop_trace\"}]}}, \"seed_results\": [{\"passed\": true, \"seed\": 0}, {\"passed\": true, \"seed\": 1}, {\"passed\": true, \"seed\": 2}], \"stage\": \"verified\", \"stages\": {\"artifact_contract\": true, \"full_shape_correctness\": true, \"normal_lowering\": true, \"pallas_api\": true, \"profile\": true, \"runtime_safety\": true, \"tpu_compile\": true}}\n",
    "timed_out": false
  },
  "profile": {
    "captured_at": "2026-08-05T23:16:46.077509+00:00",
    "compiler": {
      "cost_analysis": {
        "bytes accessed0{}": 786432.0,
        "bytes accessed1{}": 786432.0,
        "bytes accessedout{}": 786432.0,
        "utilization0{}": 1.0,
        "utilization1{}": 1.0
      },
      "executable_hlo_markers": {
        "custom-call": 1,
        "custom_call": 3,
        "mosaic": 0,
        "pallas": 2,
        "tpu_custom_call": 1
      },
      "executable_hlo_sha256": "36b568797b636b92c1e6364e8f7d5dbbaf34adee864bef08aff37ec3361d402a",
      "memory_analysis": "CompiledMemoryStats(generated_code_size_in_bytes=41472, argument_size_in_bytes=1572864, output_size_in_bytes=786432, alias_size_in_bytes=0, temp_size_in_bytes=0, host_generated_code_size_in_bytes=0, host_argument_size_in_bytes=0, host_output_size_in_bytes=0, host_alias_size_in_bytes=0, host_temp_size_in_bytes=0)",
      "stablehlo_markers": {
        "custom-call": 0,
        "custom_call": 3,
        "mosaic": 0,
        "pallas": 0,
        "tpu_custom_call": 1
      },
      "stablehlo_sha256": "d8c55b31c189b5bb672cc892445b3a96dccc35cd629186c8fad14386ef8273af"
    },
    "correctness_verified": true,
    "label": "candidate",
    "repetitions": 3,
    "runtime": {
      "backend": "tpu",
      "chex": "0.1.90",
      "device_count": 1,
      "device_kinds": [
        "TPU v5 lite"
      ],
      "jax": "0.6.2",
      "jaxlib": "0.6.2",
      "libtpu": "0.0.17",
      "platform": "Linux-6.5.0-1013-gcp-x86_64-with-glibc2.35",
      "process_count": 1,
      "process_index": 0,
      "python": "3.10.12"
    },
    "schema_version": 1,
    "speedup": 0.996434765852492,
    "timing": {
      "baseline_median_ms": 0.1240919999986545,
      "baseline_ms": [
        0.12539300000184994,
        0.1240919999986545,
        0.12331699999776902
      ],
      "candidate_median_ms": 0.124535999998443,
      "candidate_ms": [
        0.124535999998443,
        0.124522999999499,
        0.12666700000067976
      ],
      "speedup": 0.996434765852492
    },
    "trace": {
      "duration_event_count": 98,
      "event_count": 119,
      "named_duration_event_count": 98,
      "pallas_or_mosaic_event_names": [],
      "perfetto_relative_path": "trace/plugins/profile/2026_08_05_23_16_46/perfetto_trace.json.gz",
      "perfetto_sha256": "2900115856b2b20604880c332face235ed356f2c5c3d782eda681fef02750574",
      "top_duration_event_names": [
        {
          "count": 6,
          "name": "PjitFunction(jit(workload))"
        },
        {
          "count": 3,
          "name": "tpu::System::Execute=>Done"
        },
        {
          "count": 3,
          "name": "Release semaphore"
        },
        {
          "count": 3,
          "name": "TfrtTpuLoadedExecutable::Execute"
        },
        {
          "count": 3,
          "name": "TfrtTpuLoadedExecutable::ExecuteHelperOnSingleDevice"
        },
        {
          "count": 3,
          "name": "TfrtTpuLoadedExecutable::ExecutePrepare"
        },
        {
          "count": 3,
          "name": "Acquire semaphore"
        },
        {
          "count": 3,
          "name": "Handle inputs"
        },
        {
          "count": 3,
          "name": "AllocateOutputBufferWithInputReuse"
        },
        {
          "count": 3,
          "name": "LoadProgram"
        },
        {
          "count": 3,
          "name": "TfrtTpuLoadedExecutable::ExecuteLaunch"
        },
        {
          "count": 3,
          "name": "Handle input event recording"
        },
        {
          "count": 3,
          "name": "TfrtTpuLoadedExecutable::CreateOutputs"
        },
        {
          "count": 3,
          "name": "Handle outputs without host buffers"
        },
        {
          "count": 3,
          "name": "Wait for donation holds"
        },
        {
          "count": 3,
          "name": "Wait for usage holds"
        },
        {
          "count": 3,
          "name": "$profiler.py:319 __init__"
        },
        {
          "count": 3,
          "name": "candidate"
        },
        {
          "count": 3,
          "name": "$stages.py:546 __call__"
        },
        {
          "count": 3,
          "name": "ParseArguments"
        },
        {
          "count": 3,
          "name": "$api.py:3106 block_until_ready"
        },
        {
          "count": 3,
          "name": "$tree_util.py:88 tree_leaves"
        },
        {
          "count": 3,
          "name": "$builtins isinstance"
        },
        {
          "count": 3,
          "name": "$<unknown> append"
        },
        {
          "count": 3,
          "name": "$builtins len"
        },
        {
          "count": 3,
          "name": "$api.py:3117 try_to_block"
        },
        {
          "count": 3,
          "name": "jit_workload(17734313789264556935)"
        },
        {
          "count": 3,
          "name": "main.1"
        },
        {
          "count": 3,
          "name": "dependency-wait"
        },
        {
          "count": 2,
          "name": "$profiler.py:241 trace"
        },
        {
          "count": 1,
          "name": "$contextlib.py:130 __enter__"
        },
        {
          "count": 1,
          "name": "$profiler.py:96 start_trace"
        },
        {
          "count": 1,
          "name": "$<unknown> __exit__"
        },
        {
          "count": 1,
          "name": "$contextlib.py:139 __exit__"
        },
        {
          "count": 1,
          "name": "$builtins next"
        },
        {
          "count": 1,
          "name": "$profiler.py:208 stop_trace"
        }
      ]
    }
  },
  "seed_results": [
    {
      "passed": true,
      "seed": 0
    },
    {
      "passed": true,
      "seed": 1
    },
    {
      "passed": true,
      "seed": 2
    }
  ],
  "stage": "verified",
  "stages": {
    "artifact_contract": true,
    "full_shape_correctness": true,
    "normal_lowering": true,
    "pallas_api": true,
    "profile": true,
    "runtime_safety": true,
    "tpu_compile": true
  }
}
