{
  "authentic": false,
  "correct": false,
  "error": "The module does not satisfy the normal-lowering Pallas API contract. Use reachable pl.pallas_call without interpret=True or a plain-JAX fallback, and call pl.BlockSpec(block_shape, index_map) with the block shape first and lambda index map second.",
  "hardware": {
    "execution": "static_preflight",
    "target": "tpu"
  },
  "infrastructure_error": false,
  "kernel_sha256": "de1314b6f8a5aabf46b29690710aaa45bbd18ead8ad8c56ed510b14117ae9af5",
  "normal_lowered": false,
  "passed": false,
  "preflight_evidence": {
    "authentic": true,
    "authenticity_reasons": [],
    "blockspec_calls": 0,
    "code_sha256": "de1314b6f8a5aabf46b29690710aaa45bbd18ead8ad8c56ed510b14117ae9af5",
    "reversed_blockspec_calls": 0,
    "unknown_blockspec_order_calls": 0
  },
  "stage": "pallas_api",
  "stages": {
    "artifact_contract": true,
    "full_shape_correctness": false,
    "normal_lowering": false,
    "pallas_api": false,
    "profile": false,
    "runtime_safety": false,
    "tpu_compile": false
  }
}
