{
  "authentic": false,
  "correct": false,
  "error": "The module does not satisfy the normal-lowering Pallas API contract. Use reachable pl.pallas_call without interpret=True or a plain-JAX fallback, and call pl.BlockSpec(block_shape, index_map) with the block shape first and lambda index map second.",
  "hardware": {
    "device_count": 1,
    "device_kinds": [
      "TPU v5 lite"
    ],
    "platforms": [
      "tpu"
    ],
    "process_count": 1,
    "process_index": 0
  },
  "infrastructure_error": false,
  "kernel_sha256": "d89e1962e36efdc1f4aaaf3666aca853e7a2d4844c31a49d1beb8a3296899682",
  "normal_lowered": false,
  "passed": false,
  "process": {
    "returncode": 2,
    "stderr": "/home/sudarshan/opjax-g42/environments/pallas-eval/.venv/lib/python3.10/site-packages/jax/_src/cloud_tpu_init.py:84: UserWarning: Transparent hugepages are not enabled. TPU runtime startup and shutdown time should be significantly improved on TPU v5e and newer. If not already set, you may need to enable transparent hugepages in your VM image (sudo sh -c \"echo always > /sys/kernel/mm/transparent_hugepage/enabled\")\n  warnings.warn(\n",
    "stdout": "{\"authentic\": false, \"correct\": false, \"error\": \"The module does not satisfy the normal-lowering Pallas API contract. Use reachable pl.pallas_call without interpret=True or a plain-JAX fallback, and call pl.BlockSpec(block_shape, index_map) with the block shape first and lambda index map second.\", \"hardware\": {\"device_count\": 1, \"device_kinds\": [\"TPU v5 lite\"], \"platforms\": [\"tpu\"], \"process_count\": 1, \"process_index\": 0}, \"infrastructure_error\": false, \"kernel_sha256\": \"d89e1962e36efdc1f4aaaf3666aca853e7a2d4844c31a49d1beb8a3296899682\", \"normal_lowered\": false, \"passed\": false, \"stage\": \"pallas_api\", \"stages\": {\"artifact_contract\": true, \"full_shape_correctness\": false, \"normal_lowering\": false, \"pallas_api\": false, \"profile\": false, \"runtime_safety\": false, \"tpu_compile\": false}}\n",
    "timed_out": false
  },
  "stage": "pallas_api",
  "stages": {
    "artifact_contract": true,
    "full_shape_correctness": false,
    "normal_lowering": false,
    "pallas_api": false,
    "profile": false,
    "runtime_safety": false,
    "tpu_compile": false
  }
}
