Traceback (most recent call last):
  File "/home/sudarshan/ar8p/pallas-eval/.venv/lib/python3.10/site-packages/jax/_src/xla_bridge.py", line 742, in backends
    backend = _init_backend(platform)
  File "/home/sudarshan/ar8p/pallas-eval/.venv/lib/python3.10/site-packages/jax/_src/xla_bridge.py", line 828, in _init_backend
    backend = registration.factory()
  File "/home/sudarshan/ar8p/pallas-eval/.venv/lib/python3.10/site-packages/jax/_src/xla_bridge.py", line 161, in tpu_client_timer_callback
    client = make_tpu_client(
  File "/home/sudarshan/ar8p/pallas-eval/.venv/lib/python3.10/site-packages/jax/_src/xla_bridge.py", line 142, in make_tpu_client
    _jax.initialize_pjrt_plugin('tpu')
jaxlib._jax.XlaRuntimeError: ABORTED: The TPU is already in use by process with pid 16983. Not attempting to load libtpu.so in this process.

During handling of the above exception, another exception occurred:

Traceback (most recent call last):
  File "/home/sudarshan/ar8p/8p-gemm-20260802T220238Z/final_proof.py", line 141, in <module>
    raise SystemExit(main())
  File "/home/sudarshan/ar8p/8p-gemm-20260802T220238Z/final_proof.py", line 118, in main
    "devices": [str(device) for device in jax.devices()],
  File "/home/sudarshan/ar8p/pallas-eval/.venv/lib/python3.10/site-packages/jax/_src/xla_bridge.py", line 942, in devices
    return get_backend(backend).devices()
  File "/home/sudarshan/ar8p/pallas-eval/.venv/lib/python3.10/site-packages/jax/_src/xla_bridge.py", line 876, in get_backend
    return _get_backend_uncached(platform)
  File "/home/sudarshan/ar8p/pallas-eval/.venv/lib/python3.10/site-packages/jax/_src/xla_bridge.py", line 855, in _get_backend_uncached
    bs = backends()
  File "/home/sudarshan/ar8p/pallas-eval/.venv/lib/python3.10/site-packages/jax/_src/xla_bridge.py", line 758, in backends
    raise RuntimeError(err_msg)
RuntimeError: Unable to initialize backend 'tpu': ABORTED: The TPU is already in use by process with pid 16983. Not attempting to load libtpu.so in this process. (set JAX_PLATFORMS='' to automatically choose an available backend)
